Archive member included to satisfy reference by file (symbol)

c:/dev/arm-ea~1/92019-~1/bin/../lib/gcc/arm-none-eabi/9.2.1/thumb/v7e-m/nofp\libgcc.a(_aeabi_uldivmod.o)
                              CMakeFiles/ce2812_wk07_lab.elf.dir/Drivers/STM32F4xx_HAL_Driver/Src/stm32f4xx_hal_rcc.c.obj (__aeabi_uldivmod)
c:/dev/arm-ea~1/92019-~1/bin/../lib/gcc/arm-none-eabi/9.2.1/thumb/v7e-m/nofp\libgcc.a(_udivmoddi4.o)
                              c:/dev/arm-ea~1/92019-~1/bin/../lib/gcc/arm-none-eabi/9.2.1/thumb/v7e-m/nofp\libgcc.a(_aeabi_uldivmod.o) (__udivmoddi4)
c:/dev/arm-ea~1/92019-~1/bin/../lib/gcc/arm-none-eabi/9.2.1/thumb/v7e-m/nofp\libgcc.a(_dvmd_tls.o)
                              c:/dev/arm-ea~1/92019-~1/bin/../lib/gcc/arm-none-eabi/9.2.1/thumb/v7e-m/nofp\libgcc.a(_aeabi_uldivmod.o) (__aeabi_ldiv0)
c:/dev/arm-ea~1/92019-~1/bin/../lib/gcc/arm-none-eabi/9.2.1/../../../../arm-none-eabi/lib/thumb/v7e-m/nofp\libg_nano.a(lib_a-ctype_.o)
                              CMakeFiles/ce2812_wk07_lab.elf.dir/Src/scanner.c.obj (_ctype_)
c:/dev/arm-ea~1/92019-~1/bin/../lib/gcc/arm-none-eabi/9.2.1/../../../../arm-none-eabi/lib/thumb/v7e-m/nofp\libg_nano.a(lib_a-errno.o)
                              CMakeFiles/ce2812_wk07_lab.elf.dir/Src/syscalls.c.obj (__errno)
c:/dev/arm-ea~1/92019-~1/bin/../lib/gcc/arm-none-eabi/9.2.1/../../../../arm-none-eabi/lib/thumb/v7e-m/nofp\libg_nano.a(lib_a-exit.o)
                              c:/dev/arm-ea~1/92019-~1/bin/../lib/gcc/arm-none-eabi/9.2.1/../../../../arm-none-eabi/lib/thumb/v7e-m/nofp/crt0.o (exit)
c:/dev/arm-ea~1/92019-~1/bin/../lib/gcc/arm-none-eabi/9.2.1/../../../../arm-none-eabi/lib/thumb/v7e-m/nofp\libg_nano.a(lib_a-fflush.o)
                              CMakeFiles/ce2812_wk07_lab.elf.dir/Src/scanner.c.obj (fflush)
c:/dev/arm-ea~1/92019-~1/bin/../lib/gcc/arm-none-eabi/9.2.1/../../../../arm-none-eabi/lib/thumb/v7e-m/nofp\libg_nano.a(lib_a-fgets.o)
                              CMakeFiles/ce2812_wk07_lab.elf.dir/Src/scanner.c.obj (fgets)
c:/dev/arm-ea~1/92019-~1/bin/../lib/gcc/arm-none-eabi/9.2.1/../../../../arm-none-eabi/lib/thumb/v7e-m/nofp\libg_nano.a(lib_a-findfp.o)
                              c:/dev/arm-ea~1/92019-~1/bin/../lib/gcc/arm-none-eabi/9.2.1/../../../../arm-none-eabi/lib/thumb/v7e-m/nofp\libg_nano.a(lib_a-fflush.o) (__sinit)
c:/dev/arm-ea~1/92019-~1/bin/../lib/gcc/arm-none-eabi/9.2.1/../../../../arm-none-eabi/lib/thumb/v7e-m/nofp\libg_nano.a(lib_a-fwalk.o)
                              c:/dev/arm-ea~1/92019-~1/bin/../lib/gcc/arm-none-eabi/9.2.1/../../../../arm-none-eabi/lib/thumb/v7e-m/nofp\libg_nano.a(lib_a-findfp.o) (_fwalk)
c:/dev/arm-ea~1/92019-~1/bin/../lib/gcc/arm-none-eabi/9.2.1/../../../../arm-none-eabi/lib/thumb/v7e-m/nofp\libg_nano.a(lib_a-impure.o)
                              c:/dev/arm-ea~1/92019-~1/bin/../lib/gcc/arm-none-eabi/9.2.1/../../../../arm-none-eabi/lib/thumb/v7e-m/nofp\libg_nano.a(lib_a-exit.o) (_global_impure_ptr)
c:/dev/arm-ea~1/92019-~1/bin/../lib/gcc/arm-none-eabi/9.2.1/../../../../arm-none-eabi/lib/thumb/v7e-m/nofp\libg_nano.a(lib_a-init.o)
                              c:/dev/arm-ea~1/92019-~1/bin/../lib/gcc/arm-none-eabi/9.2.1/../../../../arm-none-eabi/lib/thumb/v7e-m/nofp/crt0.o (__libc_init_array)
c:/dev/arm-ea~1/92019-~1/bin/../lib/gcc/arm-none-eabi/9.2.1/../../../../arm-none-eabi/lib/thumb/v7e-m/nofp\libg_nano.a(lib_a-lock.o)
                              c:/dev/arm-ea~1/92019-~1/bin/../lib/gcc/arm-none-eabi/9.2.1/../../../../arm-none-eabi/lib/thumb/v7e-m/nofp\libg_nano.a(lib_a-findfp.o) (__retarget_lock_init_recursive)
c:/dev/arm-ea~1/92019-~1/bin/../lib/gcc/arm-none-eabi/9.2.1/../../../../arm-none-eabi/lib/thumb/v7e-m/nofp\libg_nano.a(lib_a-memchr.o)
                              c:/dev/arm-ea~1/92019-~1/bin/../lib/gcc/arm-none-eabi/9.2.1/../../../../arm-none-eabi/lib/thumb/v7e-m/nofp\libg_nano.a(lib_a-fgets.o) (memchr)
c:/dev/arm-ea~1/92019-~1/bin/../lib/gcc/arm-none-eabi/9.2.1/../../../../arm-none-eabi/lib/thumb/v7e-m/nofp\libg_nano.a(lib_a-memcpy-stub.o)
                              CMakeFiles/ce2812_wk07_lab.elf.dir/Drivers/CE_Dev_Board_Drivers/Src/uart_driver.c.obj (memcpy)
c:/dev/arm-ea~1/92019-~1/bin/../lib/gcc/arm-none-eabi/9.2.1/../../../../arm-none-eabi/lib/thumb/v7e-m/nofp\libg_nano.a(lib_a-memset.o)
                              c:/dev/arm-ea~1/92019-~1/bin/../lib/gcc/arm-none-eabi/9.2.1/../../../../arm-none-eabi/lib/thumb/v7e-m/nofp/crt0.o (memset)
c:/dev/arm-ea~1/92019-~1/bin/../lib/gcc/arm-none-eabi/9.2.1/../../../../arm-none-eabi/lib/thumb/v7e-m/nofp\libg_nano.a(lib_a-nano-freer.o)
                              c:/dev/arm-ea~1/92019-~1/bin/../lib/gcc/arm-none-eabi/9.2.1/../../../../arm-none-eabi/lib/thumb/v7e-m/nofp\libg_nano.a(lib_a-fflush.o) (_free_r)
c:/dev/arm-ea~1/92019-~1/bin/../lib/gcc/arm-none-eabi/9.2.1/../../../../arm-none-eabi/lib/thumb/v7e-m/nofp\libg_nano.a(lib_a-nano-mallocr.o)
[...]
Memory Configuration

Name             Origin             Length             Attributes
RAM              0x20000000         0x00020000         xrw
FLASH            0x08000000         0x00080000         xr
*default*        0x00000000         0xffffffff

Linker script and memory map

LOAD c:/dev/arm-ea~1/92019-~1/bin/../lib/gcc/arm-none-eabi/9.2.1/thumb/v7e-m/nofp/crti.o
LOAD c:/dev/arm-ea~1/92019-~1/bin/../lib/gcc/arm-none-eabi/9.2.1/thumb/v7e-m/nofp/crtbegin.o
LOAD c:/dev/arm-ea~1/92019-~1/bin/../lib/gcc/arm-none-eabi/9.2.1/../../../../arm-none-eabi/lib/thumb/v7e-m/nofp/crt0.o
LOAD CMakeFiles/ce2812_wk07_lab.elf.dir/Drivers/CE_Dev_Board_Drivers/Src/delay.c.obj
LOAD CMakeFiles/ce2812_wk07_lab.elf.dir/Drivers/CE_Dev_Board_Drivers/Src/uart_driver.c.obj
LOAD CMakeFiles/ce2812_wk07_lab.elf.dir/Drivers/STM32F4xx_HAL_Driver/Src/stm32f4xx_hal.c.obj
LOAD CMakeFiles/ce2812_wk07_lab.elf.dir/Drivers/STM32F4xx_HAL_Driver/Src/stm32f4xx_hal_cortex.c.obj
LOAD CMakeFiles/ce2812_wk07_lab.elf.dir/Drivers/STM32F4xx_HAL_Driver/Src/stm32f4xx_hal_dma.c.obj
LOAD CMakeFiles/ce2812_wk07_lab.elf.dir/Drivers/STM32F4xx_HAL_Driver/Src/stm32f4xx_hal_dma_ex.c.obj
LOAD CMakeFiles/ce2812_wk07_lab.elf.dir/Drivers/STM32F4xx_HAL_Driver/Src/stm32f4xx_hal_exti.c.obj
LOAD CMakeFiles/ce2812_wk07_lab.elf.dir/Drivers/STM32F4xx_HAL_Driver/Src/stm32f4xx_hal_flash.c.obj
LOAD CMakeFiles/ce2812_wk07_lab.elf.dir/Drivers/STM32F4xx_HAL_Driver/Src/stm32f4xx_hal_flash_ex.c.obj
LOAD CMakeFiles/ce2812_wk07_lab.elf.dir/Drivers/STM32F4xx_HAL_Driver/Src/stm32f4xx_hal_flash_ramfunc.c.obj
LOAD CMakeFiles/ce2812_wk07_lab.elf.dir/Drivers/STM32F4xx_HAL_Driver/Src/stm32f4xx_hal_gpio.c.obj
LOAD CMakeFiles/ce2812_wk07_lab.elf.dir/Drivers/STM32F4xx_HAL_Driver/Src/stm32f4xx_hal_pwr.c.obj
LOAD CMakeFiles/ce2812_wk07_lab.elf.dir/Drivers/STM32F4xx_HAL_Driver/Src/stm32f4xx_hal_pwr_ex.c.obj
LOAD CMakeFiles/ce2812_wk07_lab.elf.dir/Drivers/STM32F4xx_HAL_Driver/Src/stm32f4xx_hal_rcc.c.obj
LOAD CMakeFiles/ce2812_wk07_lab.elf.dir/Drivers/STM32F4xx_HAL_Driver/Src/stm32f4xx_hal_rcc_ex.c.obj
LOAD CMakeFiles/ce2812_wk07_lab.elf.dir/Drivers/STM32F4xx_HAL_Driver/Src/stm32f4xx_hal_tim.c.obj
LOAD CMakeFiles/ce2812_wk07_lab.elf.dir/Drivers/STM32F4xx_HAL_Driver/Src/stm32f4xx_hal_tim_ex.c.obj
LOAD CMakeFiles/ce2812_wk07_lab.elf.dir/Src/circular_queue.c.obj
LOAD CMakeFiles/ce2812_wk07_lab.elf.dir/Src/main.c.obj
LOAD CMakeFiles/ce2812_wk07_lab.elf.dir/Src/mem.c.obj
LOAD CMakeFiles/ce2812_wk07_lab.elf.dir/Src/scanner.c.obj
LOAD CMakeFiles/ce2812_wk07_lab.elf.dir/Src/stm32f4xx_hal_msp.c.obj
LOAD CMakeFiles/ce2812_wk07_lab.elf.dir/Src/stm32f4xx_it.c.obj
LOAD CMakeFiles/ce2812_wk07_lab.elf.dir/Src/syscalls.c.obj
LOAD CMakeFiles/ce2812_wk07_lab.elf.dir/Src/system_stm32f4xx.c.obj
LOAD CMakeFiles/ce2812_wk07_lab.elf.dir/startup/startup_stm32f446xx.s.obj
START GROUP
LOAD c:/dev/arm-ea~1/92019-~1/bin/../lib/gcc/arm-none-eabi/9.2.1/thumb/v7e-m/nofp\libgcc.a
LOAD c:/dev/arm-ea~1/92019-~1/bin/../lib/gcc/arm-none-eabi/9.2.1/../../../../arm-none-eabi/lib/thumb/v7e-m/nofp\libg_nano.a
LOAD c:/dev/arm-ea~1/92019-~1/bin/../lib/gcc/arm-none-eabi/9.2.1/../../../../arm-none-eabi/lib/thumb/v7e-m/nofp\libc_nano.a
END GROUP
START GROUP
LOAD c:/dev/arm-ea~1/92019-~1/bin/../lib/gcc/arm-none-eabi/9.2.1/thumb/v7e-m/nofp\libgcc.a
LOAD c:/dev/arm-ea~1/92019-~1/bin/../lib/gcc/arm-none-eabi/9.2.1/../../../../arm-none-eabi/lib/thumb/v7e-m/nofp\libc_nano.a
LOAD c:/dev/arm-ea~1/92019-~1/bin/../lib/gcc/arm-none-eabi/9.2.1/../../../../arm-none-eabi/lib/thumb/v7e-m/nofp\libnosys.a
END GROUP
START GROUP
LOAD c:/dev/arm-ea~1/92019-~1/bin/../lib/gcc/arm-none-eabi/9.2.1/thumb/v7e-m/nofp\libgcc.a
LOAD c:/dev/arm-ea~1/92019-~1/bin/../lib/gcc/arm-none-eabi/9.2.1/../../../../arm-none-eabi/lib/thumb/v7e-m/nofp\libc_nano.a
LOAD c:/dev/arm-ea~1/92019-~1/bin/../lib/gcc/arm-none-eabi/9.2.1/../../../../arm-none-eabi/lib/thumb/v7e-m/nofp\libnosys.a
END GROUP
LOAD c:/dev/arm-ea~1/92019-~1/bin/../lib/gcc/arm-none-eabi/9.2.1/thumb/v7e-m/nofp/crtend.o
LOAD c:/dev/arm-ea~1/92019-~1/bin/../lib/gcc/arm-none-eabi/9.2.1/thumb/v7e-m/nofp/crtn.o
                0x20020000                _estack = 0x20020000
                0x00000200                _Min_Heap_Size = 0x200
                0x00000400                _Min_Stack_Size = 0x400

.isr_vector     0x08000000      0x1c4
                0x08000000                . = ALIGN (0x4)
 *(.isr_vector)
 .isr_vector    0x08000000      0x1c4 CMakeFiles/ce2812_wk07_lab.elf.dir/startup/startup_stm32f446xx.s.obj
                0x08000000                g_pfnVectors
                0x080001c4                . = ALIGN (0x4)

.text           0x080001d0     0x2b44
                0x080001d0                . = ALIGN (0x4)
 *(.text)
 .text          0x080001d0       0x40 c:/dev/arm-ea~1/92019-~1/bin/../lib/gcc/arm-none-eabi/9.2.1/thumb/v7e-m/nofp/crtbegin.o
 .text          0x08000210       0x30 c:/dev/arm-ea~1/92019-~1/bin/../lib/gcc/arm-none-eabi/9.2.1/thumb/v7e-m/nofp\libgcc.a(_aeabi_uldivmod.o)
                0x08000210                __aeabi_uldivmod
 .text          0x08000240      0x2c0 c:/dev/arm-ea~1/92019-~1/bin/../lib/gcc/arm-none-eabi/9.2.1/thumb/v7e-m/nofp\libgcc.a(_udivmoddi4.o)
                0x08000240                __udivmoddi4
 .text          0x08000500        0x4 c:/dev/arm-ea~1/92019-~1/bin/../lib/gcc/arm-none-eabi/9.2.1/thumb/v7e-m/nofp\libgcc.a(_dvmd_tls.o)
                0x08000500                __aeabi_idiv0
                0x08000500                __aeabi_ldiv0
 *fill*         0x08000504        0xc 
 .text          0x08000510       0xa0 c:/dev/arm-ea~1/92019-~1/bin/../lib/gcc/arm-none-eabi/9.2.1/../../../../arm-none-eabi/lib/thumb/v7e-m/nofp\libg_nano.a(lib_a-memchr.o)
                0x08000510                memchr
 .text          0x080005b0       0x14 c:/dev/arm-ea~1/92019-~1/bin/../lib/gcc/arm-none-eabi/9.2.1/../../../../arm-none-eabi/lib/thumb/v7e-m/nofp\libg_nano.a(lib_a-strcmp.o)
                0x080005b0                strcmp
 *(.text*)
 .text.uart_init
                0x080005c4      0x108 CMakeFiles/ce2812_wk07_lab.elf.dir/Drivers/CE_Dev_Board_Drivers/Src/uart_driver.c.obj
                0x080005c4                uart_init
 .text._read    0x080006cc       0x64 CMakeFiles/ce2812_wk07_lab.elf.dir/Drivers/CE_Dev_Board_Drivers/Src/uart_driver.c.obj
                0x080006cc                _read
 .text._write   0x08000730       0x5c CMakeFiles/ce2812_wk07_lab.elf.dir/Drivers/CE_Dev_Board_Drivers/Src/uart_driver.c.obj
                0x08000730                _write
 .text.USART2_IRQHandler
                0x0800078c       0x9c CMakeFiles/ce2812_wk07_lab.elf.dir/Drivers/CE_Dev_Board_Drivers/Src/uart_driver.c.obj
                0x0800078c                USART2_IRQHandler
 .text.HAL_IncTick
                0x08000828       0x24 CMakeFiles/ce2812_wk07_lab.elf.dir/Drivers/STM32F4xx_HAL_Driver/Src/stm32f4xx_hal.c.obj
                0x08000828                HAL_IncTick
 .text.cq_init  0x0800084c       0x48 CMakeFiles/ce2812_wk07_lab.elf.dir/Src/circular_queue.c.obj
                0x0800084c                cq_init
 .text.cq_push  0x08000894       0x56 CMakeFiles/ce2812_wk07_lab.elf.dir/Src/circular_queue.c.obj
                0x08000894                cq_push
 .text.cq_pull  0x080008ea       0x54 CMakeFiles/ce2812_wk07_lab.elf.dir/Src/circular_queue.c.obj
                0x080008ea                cq_pull
 .text.cq_isempty
                0x0800093e       0x16 CMakeFiles/ce2812_wk07_lab.elf.dir/Src/circular_queue.c.obj
                0x0800093e                cq_isempty
 .text.cq_isfull
                0x08000954       0x16 CMakeFiles/ce2812_wk07_lab.elf.dir/Src/circular_queue.c.obj
                0x08000954                cq_isfull
 *fill*         0x0800096a        0x2 
 .text.main     0x0800096c      0x1fc CMakeFiles/ce2812_wk07_lab.elf.dir/Src/main.c.obj
                0x0800096c                main
 .text.print_err
                0x08000b68       0x48 CMakeFiles/ce2812_wk07_lab.elf.dir/Src/main.c.obj
                0x08000b68                print_err
 .text.mem_dump
                0x08000bb0       0xb0 CMakeFiles/ce2812_wk07_lab.elf.dir/Src/mem.c.obj
                0x08000bb0                mem_dump
 .text.mem_read
                0x08000c60       0x40 CMakeFiles/ce2812_wk07_lab.elf.dir/Src/mem.c.obj
                0x08000c60                mem_read
 .text.mem_write
                0x08000ca0       0x1e CMakeFiles/ce2812_wk07_lab.elf.dir/Src/mem.c.obj
                0x08000ca0                mem_write
 *fill*         0x08000cbe        0x2 
 .text.sc_get   0x08000cc0       0x38 CMakeFiles/ce2812_wk07_lab.elf.dir/Src/scanner.c.obj
                0x08000cc0                sc_get
 .text.sc_next  0x08000cf8      0x1c0 CMakeFiles/ce2812_wk07_lab.elf.dir/Src/scanner.c.obj
                0x08000cf8                sc_next
 .text.sc_nexti
                0x08000eb8       0x50 CMakeFiles/ce2812_wk07_lab.elf.dir/Src/scanner.c.obj
                0x08000eb8                sc_nexti
 .text.sc_nextx
                0x08000f08       0x3e CMakeFiles/ce2812_wk07_lab.elf.dir/Src/scanner.c.obj
                0x08000f08                sc_nextx
 *fill*         0x08000f46        0x2 
 .text.sc_hasnext
                0x08000f48      0x1a4 CMakeFiles/ce2812_wk07_lab.elf.dir/Src/scanner.c.obj
                0x08000f48                sc_hasnext
 .text.sc_hasnexti
                0x080010ec      0x17c CMakeFiles/ce2812_wk07_lab.elf.dir/Src/scanner.c.obj
                0x080010ec                sc_hasnexti
 .text.sc_hasnextx
                0x08001268      0x1a0 CMakeFiles/ce2812_wk07_lab.elf.dir/Src/scanner.c.obj
                0x08001268                sc_hasnextx
 .text.NMI_Handler
                0x08001408        0xc CMakeFiles/ce2812_wk07_lab.elf.dir/Src/stm32f4xx_it.c.obj
                0x08001408                NMI_Handler
 .text.HardFault_Handler
                0x08001414        0x6 CMakeFiles/ce2812_wk07_lab.elf.dir/Src/stm32f4xx_it.c.obj
                0x08001414                HardFault_Handler
 .text.MemManage_Handler
                0x0800141a        0x6 CMakeFiles/ce2812_wk07_lab.elf.dir/Src/stm32f4xx_it.c.obj
                0x0800141a                MemManage_Handler
 .text.BusFault_Handler
                0x08001420        0x6 CMakeFiles/ce2812_wk07_lab.elf.dir/Src/stm32f4xx_it.c.obj
                0x08001420                BusFault_Handler
 .text.UsageFault_Handler
                0x08001426        0x6 CMakeFiles/ce2812_wk07_lab.elf.dir/Src/stm32f4xx_it.c.obj
                0x08001426                UsageFault_Handler
 .text.SVC_Handler
                0x0800142c        0xc CMakeFiles/ce2812_wk07_lab.elf.dir/Src/stm32f4xx_it.c.obj
                0x0800142c                SVC_Handler
 .text.DebugMon_Handler
                0x08001438        0xc CMakeFiles/ce2812_wk07_lab.elf.dir/Src/stm32f4xx_it.c.obj
                0x08001438                DebugMon_Handler
 .text.PendSV_Handler
                0x08001444        0xc CMakeFiles/ce2812_wk07_lab.elf.dir/Src/stm32f4xx_it.c.obj
                0x08001444                PendSV_Handler
 .text.SysTick_Handler
                0x08001450        0xc CMakeFiles/ce2812_wk07_lab.elf.dir/Src/stm32f4xx_it.c.obj
                0x08001450                SysTick_Handler
 .text._sbrk    0x0800145c       0x58 CMakeFiles/ce2812_wk07_lab.elf.dir/Src/syscalls.c.obj
                0x0800145c                _sbrk
 .text._close   0x080014b4       0x16 CMakeFiles/ce2812_wk07_lab.elf.dir/Src/syscalls.c.obj
                0x080014b4                _close
 .text._fstat   0x080014ca       0x1e CMakeFiles/ce2812_wk07_lab.elf.dir/Src/syscalls.c.obj
                0x080014ca                _fstat
 .text._isatty  0x080014e8       0x14 CMakeFiles/ce2812_wk07_lab.elf.dir/Src/syscalls.c.obj
                0x080014e8                _isatty
 .text._lseek   0x080014fc       0x18 CMakeFiles/ce2812_wk07_lab.elf.dir/Src/syscalls.c.obj
                0x080014fc                _lseek
 .text.SystemInit
                0x08001514       0x18 CMakeFiles/ce2812_wk07_lab.elf.dir/Src/system_stm32f4xx.c.obj
                0x08001514                SystemInit
 .text.Reset_Handler
                0x0800152c       0x50 CMakeFiles/ce2812_wk07_lab.elf.dir/startup/startup_stm32f446xx.s.obj
                0x0800152c                Reset_Handler
 .text.Default_Handler
                0x0800157c        0x2 CMakeFiles/ce2812_wk07_lab.elf.dir/startup/startup_stm32f446xx.s.obj
                0x0800157c                RTC_Alarm_IRQHandler
                0x0800157c                EXTI2_IRQHandler
                0x0800157c                TIM8_CC_IRQHandler
                0x0800157c                FMPI2C1_EV_IRQHandler
                0x0800157c                SPI4_IRQHandler
                0x0800157c                TIM1_CC_IRQHandler
                0x0800157c                DMA2_Stream5_IRQHandler
                0x0800157c                DMA1_Stream5_IRQHandler
                0x0800157c                PVD_IRQHandler
                0x0800157c                SDIO_IRQHandler
                0x0800157c                TAMP_STAMP_IRQHandler
                0x0800157c                CAN2_RX1_IRQHandler
                0x0800157c                EXTI3_IRQHandler
                0x0800157c                TIM8_TRG_COM_TIM14_IRQHandler
                0x0800157c                TIM1_UP_TIM10_IRQHandler
                0x0800157c                TIM8_UP_TIM13_IRQHandler
                0x0800157c                I2C3_ER_IRQHandler
                0x0800157c                EXTI0_IRQHandler
                0x0800157c                I2C2_EV_IRQHandler
                0x0800157c                DMA1_Stream2_IRQHandler
                0x0800157c                CAN1_RX0_IRQHandler
                0x0800157c                FPU_IRQHandler
                0x0800157c                OTG_HS_WKUP_IRQHandler
                0x0800157c                CAN2_SCE_IRQHandler
                0x0800157c                DMA2_Stream2_IRQHandler
                0x0800157c                SPI1_IRQHandler
                0x0800157c                TIM6_DAC_IRQHandler
                0x0800157c                TIM1_BRK_TIM9_IRQHandler
                0x0800157c                DCMI_IRQHandler
                0x0800157c                CAN2_RX0_IRQHandler
                0x0800157c                DMA2_Stream3_IRQHandler
                0x0800157c                SAI2_IRQHandler
                0x0800157c                USART6_IRQHandler
                0x0800157c                USART3_IRQHandler
                0x0800157c                CAN1_RX1_IRQHandler
                0x0800157c                UART5_IRQHandler
                0x0800157c                DMA2_Stream0_IRQHandler
                0x0800157c                TIM4_IRQHandler
                0x0800157c                QUADSPI_IRQHandler
                0x0800157c                I2C1_EV_IRQHandler
                0x0800157c                DMA1_Stream6_IRQHandler
                0x0800157c                DMA1_Stream1_IRQHandler
                0x0800157c                UART4_IRQHandler
                0x0800157c                TIM3_IRQHandler
                0x0800157c                RCC_IRQHandler
                0x0800157c                TIM8_BRK_TIM12_IRQHandler
                0x0800157c                Default_Handler
                0x0800157c                CEC_IRQHandler
                0x0800157c                EXTI15_10_IRQHandler
                0x0800157c                ADC_IRQHandler
                0x0800157c                DMA1_Stream7_IRQHandler
                0x0800157c                TIM7_IRQHandler
                0x0800157c                CAN2_TX_IRQHandler
                0x0800157c                TIM5_IRQHandler
                0x0800157c                DMA2_Stream7_IRQHandler
                0x0800157c                I2C3_EV_IRQHandler
                0x0800157c                EXTI9_5_IRQHandler
                0x0800157c                RTC_WKUP_IRQHandler
                0x0800157c                SPDIF_RX_IRQHandler
                0x0800157c                SPI2_IRQHandler
                0x0800157c                OTG_HS_EP1_IN_IRQHandler
                0x0800157c                DMA1_Stream0_IRQHandler
                0x0800157c                CAN1_TX_IRQHandler
                0x0800157c                FMPI2C1_ER_IRQHandler
                0x0800157c                EXTI4_IRQHandler
                0x0800157c                OTG_HS_EP1_OUT_IRQHandler
                0x0800157c                WWDG_IRQHandler
                0x0800157c                TIM2_IRQHandler
                0x0800157c                OTG_FS_WKUP_IRQHandler
                0x0800157c                TIM1_TRG_COM_TIM11_IRQHandler
                0x0800157c                OTG_HS_IRQHandler
                0x0800157c                EXTI1_IRQHandler
                0x0800157c                I2C2_ER_IRQHandler
                0x0800157c                DMA2_Stream1_IRQHandler
                0x0800157c                CAN1_SCE_IRQHandler
                0x0800157c                FLASH_IRQHandler
                0x0800157c                DMA2_Stream4_IRQHandler
                0x0800157c                USART1_IRQHandler
                0x0800157c                OTG_FS_IRQHandler
                0x0800157c                SPI3_IRQHandler
                0x0800157c                DMA1_Stream4_IRQHandler
                0x0800157c                I2C1_ER_IRQHandler
                0x0800157c                FMC_IRQHandler
                0x0800157c                DMA2_Stream6_IRQHandler
                0x0800157c                SAI1_IRQHandler
                0x0800157c                DMA1_Stream3_IRQHandler
 *fill*         0x0800157e        0x2 
 .text.__errno  0x08001580        0xc c:/dev/arm-ea~1/92019-~1/bin/../lib/gcc/arm-none-eabi/9.2.1/../../../../arm-none-eabi/lib/thumb/v7e-m/nofp\libg_nano.a(lib_a-errno.o)
                0x08001580                __errno
 .text.__sflush_r
                0x0800158c      0x10c c:/dev/arm-ea~1/92019-~1/bin/../lib/gcc/arm-none-eabi/9.2.1/../../../../arm-none-eabi/lib/thumb/v7e-m/nofp\libg_nano.a(lib_a-fflush.o)
                0x0800158c                __sflush_r
 .text._fflush_r
                0x08001698       0x78 c:/dev/arm-ea~1/92019-~1/bin/../lib/gcc/arm-none-eabi/9.2.1/../../../../arm-none-eabi/lib/thumb/v7e-m/nofp\libg_nano.a(lib_a-fflush.o)
                0x08001698                _fflush_r
 .text.fflush   0x08001710       0x24 c:/dev/arm-ea~1/92019-~1/bin/../lib/gcc/arm-none-eabi/9.2.1/../../../../arm-none-eabi/lib/thumb/v7e-m/nofp\libg_nano.a(lib_a-fflush.o)
                0x08001710                fflush
 .text._fgets_r
                0x08001734       0xf4 c:/dev/arm-ea~1/92019-~1/bin/../lib/gcc/arm-none-eabi/9.2.1/../../../../arm-none-eabi/lib/thumb/v7e-m/nofp\libg_nano.a(lib_a-fgets.o)
                0x08001734                _fgets_r
 .text.fgets    0x08001828       0x14 c:/dev/arm-ea~1/92019-~1/bin/../lib/gcc/arm-none-eabi/9.2.1/../../../../arm-none-eabi/lib/thumb/v7e-m/nofp\libg_nano.a(lib_a-fgets.o)
                0x08001828                fgets
 .text.std      0x0800183c       0x48 c:/dev/arm-ea~1/92019-~1/bin/../lib/gcc/arm-none-eabi/9.2.1/../../../../arm-none-eabi/lib/thumb/v7e-m/nofp\libg_nano.a(lib_a-findfp.o)
 .text._cleanup_r
                0x08001884        0xc c:/dev/arm-ea~1/92019-~1/bin/../lib/gcc/arm-none-eabi/9.2.1/../../../../arm-none-eabi/lib/thumb/v7e-m/nofp\libg_nano.a(lib_a-findfp.o)
                0x08001884                _cleanup_r
 .text.__sfmoreglue
                0x08001890       0x2c c:/dev/arm-ea~1/92019-~1/bin/../lib/gcc/arm-none-eabi/9.2.1/../../../../arm-none-eabi/lib/thumb/v7e-m/nofp\libg_nano.a(lib_a-findfp.o)
                0x08001890                __sfmoreglue
 .text.__sfp_lock_acquire
                0x080018bc        0xc c:/dev/arm-ea~1/92019-~1/bin/../lib/gcc/arm-none-eabi/9.2.1/../../../../arm-none-eabi/lib/thumb/v7e-m/nofp\libg_nano.a(lib_a-findfp.o)
                0x080018bc                __sfp_lock_acquire
 .text.__sfp_lock_release
                0x080018c8        0xc c:/dev/arm-ea~1/92019-~1/bin/../lib/gcc/arm-none-eabi/9.2.1/../../../../arm-none-eabi/lib/thumb/v7e-m/nofp\libg_nano.a(lib_a-findfp.o)
                0x080018c8                __sfp_lock_release
 .text.__sinit_lock_acquire
                0x080018d4        0xc c:/dev/arm-ea~1/92019-~1/bin/../lib/gcc/arm-none-eabi/9.2.1/../../../../arm-none-eabi/lib/thumb/v7e-m/nofp\libg_nano.a(lib_a-findfp.o)
                0x080018d4                __sinit_lock_acquire
 .text.__sinit_lock_release
                0x080018e0        0xc c:/dev/arm-ea~1/92019-~1/bin/../lib/gcc/arm-none-eabi/9.2.1/../../../../arm-none-eabi/lib/thumb/v7e-m/nofp\libg_nano.a(lib_a-findfp.o)
                0x080018e0                __sinit_lock_release
 .text.__sinit  0x080018ec       0x70 c:/dev/arm-ea~1/92019-~1/bin/../lib/gcc/arm-none-eabi/9.2.1/../../../../arm-none-eabi/lib/thumb/v7e-m/nofp\libg_nano.a(lib_a-findfp.o)
                0x080018ec                __sinit
 .text.__sfp    0x0800195c       0x8c c:/dev/arm-ea~1/92019-~1/bin/../lib/gcc/arm-none-eabi/9.2.1/../../../../arm-none-eabi/lib/thumb/v7e-m/nofp\libg_nano.a(lib_a-findfp.o)
                0x0800195c                __sfp
 .text._fwalk   0x080019e8       0x3a c:/dev/arm-ea~1/92019-~1/bin/../lib/gcc/arm-none-eabi/9.2.1/../../../../arm-none-eabi/lib/thumb/v7e-m/nofp\libg_nano.a(lib_a-fwalk.o)
                0x080019e8                _fwalk
 .text._fwalk_reent
                0x08001a22       0x3e c:/dev/arm-ea~1/92019-~1/bin/../lib/gcc/arm-none-eabi/9.2.1/../../../../arm-none-eabi/lib/thumb/v7e-m/nofp\libg_nano.a(lib_a-fwalk.o)
                0x08001a22                _fwalk_reent
 .text.__libc_init_array
                0x08001a60       0x48 c:/dev/arm-ea~1/92019-~1/bin/../lib/gcc/arm-none-eabi/9.2.1/../../../../arm-none-eabi/lib/thumb/v7e-m/nofp\libg_nano.a(lib_a-init.o)
                0x08001a60                __libc_init_array
 .text.__retarget_lock_init_recursive
                0x08001aa8        0x2 c:/dev/arm-ea~1/92019-~1/bin/../lib/gcc/arm-none-eabi/9.2.1/../../../../arm-none-eabi/lib/thumb/v7e-m/nofp\libg_nano.a(lib_a-lock.o)
                0x08001aa8                __retarget_lock_init_recursive
 .text.__retarget_lock_acquire_recursive
                0x08001aaa        0x2 c:/dev/arm-ea~1/92019-~1/bin/../lib/gcc/arm-none-eabi/9.2.1/../../../../arm-none-eabi/lib/thumb/v7e-m/nofp\libg_nano.a(lib_a-lock.o)
                0x08001aaa                __retarget_lock_acquire_recursive
 .text.__retarget_lock_release_recursive
                0x08001aac        0x2 c:/dev/arm-ea~1/92019-~1/bin/../lib/gcc/arm-none-eabi/9.2.1/../../../../arm-none-eabi/lib/thumb/v7e-m/nofp\libg_nano.a(lib_a-lock.o)
                0x08001aac                __retarget_lock_release_recursive
 .text.memcpy   0x08001aae       0x1c c:/dev/arm-ea~1/92019-~1/bin/../lib/gcc/arm-none-eabi/9.2.1/../../../../arm-none-eabi/lib/thumb/v7e-m/nofp\libg_nano.a(lib_a-memcpy-stub.o)
                0x08001aae                memcpy
 .text.memset   0x08001aca       0x10 c:/dev/arm-ea~1/92019-~1/bin/../lib/gcc/arm-none-eabi/9.2.1/../../../../arm-none-eabi/lib/thumb/v7e-m/nofp\libg_nano.a(lib_a-memset.o)
                0x08001aca                memset
 *fill*         0x08001ada        0x2 
 .text._free_r  0x08001adc       0x9c c:/dev/arm-ea~1/92019-~1/bin/../lib/gcc/arm-none-eabi/9.2.1/../../../../arm-none-eabi/lib/thumb/v7e-m/nofp\libg_nano.a(lib_a-nano-freer.o)
                0x08001adc                _free_r
 .text._malloc_r
                0x08001b78       0xb4 c:/dev/arm-ea~1/92019-~1/bin/../lib/gcc/arm-none-eabi/9.2.1/../../../../arm-none-eabi/lib/thumb/v7e-m/nofp\libg_nano.a(lib_a-nano-mallocr.o)
                0x08001b78                _malloc_r
 .text.printf   0x08001c2c       0x30 c:/dev/arm-ea~1/92019-~1/bin/../lib/gcc/arm-none-eabi/9.2.1/../../../../arm-none-eabi/lib/thumb/v7e-m/nofp\libg_nano.a(lib_a-printf.o)
                0x08001c2c                iprintf
                0x08001c2c                printf
 .text.putchar  0x08001c5c       0x28 c:/dev/arm-ea~1/92019-~1/bin/../lib/gcc/arm-none-eabi/9.2.1/../../../../arm-none-eabi/lib/thumb/v7e-m/nofp\libg_nano.a(lib_a-putchar.o)
                0x08001c5c                putchar
 .text._puts_r  0x08001c84       0xdc c:/dev/arm-ea~1/92019-~1/bin/../lib/gcc/arm-none-eabi/9.2.1/../../../../arm-none-eabi/lib/thumb/v7e-m/nofp\libg_nano.a(lib_a-puts.o)
                0x08001c84                _puts_r
 .text.puts     0x08001d60       0x10 c:/dev/arm-ea~1/92019-~1/bin/../lib/gcc/arm-none-eabi/9.2.1/../../../../arm-none-eabi/lib/thumb/v7e-m/nofp\libg_nano.a(lib_a-puts.o)
                0x08001d60                puts
 .text.lflush   0x08001d70       0x12 c:/dev/arm-ea~1/92019-~1/bin/../lib/gcc/arm-none-eabi/9.2.1/../../../../arm-none-eabi/lib/thumb/v7e-m/nofp\libg_nano.a(lib_a-refill.o)
 *fill*         0x08001d82        0x2 
 .text.__srefill_r
                0x08001d84      0x114 c:/dev/arm-ea~1/92019-~1/bin/../lib/gcc/arm-none-eabi/9.2.1/../../../../arm-none-eabi/lib/thumb/v7e-m/nofp\libg_nano.a(lib_a-refill.o)
                0x08001d84                __srefill_r
 .text._sbrk_r  0x08001e98       0x20 c:/dev/arm-ea~1/92019-~1/bin/../lib/gcc/arm-none-eabi/9.2.1/../../../../arm-none-eabi/lib/thumb/v7e-m/nofp\libg_nano.a(lib_a-sbrkr.o)
                0x08001e98                _sbrk_r
 .text.setvbuf  0x08001eb8      0x18c c:/dev/arm-ea~1/92019-~1/bin/../lib/gcc/arm-none-eabi/9.2.1/../../../../arm-none-eabi/lib/thumb/v7e-m/nofp\libg_nano.a(lib_a-setvbuf.o)
                0x08001eb8                setvbuf
 .text.__sread  0x08002044       0x22 c:/dev/arm-ea~1/92019-~1/bin/../lib/gcc/arm-none-eabi/9.2.1/../../../../arm-none-eabi/lib/thumb/v7e-m/nofp\libg_nano.a(lib_a-stdio.o)
                0x08002044                __sread
 .text.__swrite
                0x08002066       0x38 c:/dev/arm-ea~1/92019-~1/bin/../lib/gcc/arm-none-eabi/9.2.1/../../../../arm-none-eabi/lib/thumb/v7e-m/nofp\libg_nano.a(lib_a-stdio.o)
                0x08002066                __swrite
 .text.__sseek  0x0800209e       0x24 c:/dev/arm-ea~1/92019-~1/bin/../lib/gcc/arm-none-eabi/9.2.1/../../../../arm-none-eabi/lib/thumb/v7e-m/nofp\libg_nano.a(lib_a-stdio.o)
                0x0800209e                __sseek
 .text.__sclose
                0x080020c2        0x8 c:/dev/arm-ea~1/92019-~1/bin/../lib/gcc/arm-none-eabi/9.2.1/../../../../arm-none-eabi/lib/thumb/v7e-m/nofp\libg_nano.a(lib_a-stdio.o)
                0x080020c2                __sclose
 *fill*         0x080020ca        0x2 
 .text._strtoll_l.isra.0
                0x080020cc      0x12c c:/dev/arm-ea~1/92019-~1/bin/../lib/gcc/arm-none-eabi/9.2.1/../../../../arm-none-eabi/lib/thumb/v7e-m/nofp\libg_nano.a(lib_a-strtoll.o)
 .text.strtoll  0x080021f8       0x14 c:/dev/arm-ea~1/92019-~1/bin/../lib/gcc/arm-none-eabi/9.2.1/../../../../arm-none-eabi/lib/thumb/v7e-m/nofp\libg_nano.a(lib_a-strtoll.o)
                0x080021f8                strtoll
 .text._strtoull_l.isra.0
                0x0800220c      0x134 c:/dev/arm-ea~1/92019-~1/bin/../lib/gcc/arm-none-eabi/9.2.1/../../../../arm-none-eabi/lib/thumb/v7e-m/nofp\libg_nano.a(lib_a-strtoull.o)
 .text.strtoull
                0x08002340       0x14 c:/dev/arm-ea~1/92019-~1/bin/../lib/gcc/arm-none-eabi/9.2.1/../../../../arm-none-eabi/lib/thumb/v7e-m/nofp\libg_nano.a(lib_a-strtoull.o)
                0x08002340                strtoull
 .text.__swbuf_r
                0x08002354       0xa4 c:/dev/arm-ea~1/92019-~1/bin/../lib/gcc/arm-none-eabi/9.2.1/../../../../arm-none-eabi/lib/thumb/v7e-m/nofp\libg_nano.a(lib_a-wbuf.o)
                0x08002354                __swbuf_r
 .text._write_r
                0x080023f8       0x24 c:/dev/arm-ea~1/92019-~1/bin/../lib/gcc/arm-none-eabi/9.2.1/../../../../arm-none-eabi/lib/thumb/v7e-m/nofp\libg_nano.a(lib_a-writer.o)
                0x080023f8                _write_r
 .text.__swsetup_r
                0x0800241c       0xdc c:/dev/arm-ea~1/92019-~1/bin/../lib/gcc/arm-none-eabi/9.2.1/../../../../arm-none-eabi/lib/thumb/v7e-m/nofp\libg_nano.a(lib_a-wsetup.o)
                0x0800241c                __swsetup_r
 .text._close_r
                0x080024f8       0x20 c:/dev/arm-ea~1/92019-~1/bin/../lib/gcc/arm-none-eabi/9.2.1/../../../../arm-none-eabi/lib/thumb/v7e-m/nofp\libg_nano.a(lib_a-closer.o)
                0x080024f8                _close_r
 .text._lseek_r
                0x08002518       0x24 c:/dev/arm-ea~1/92019-~1/bin/../lib/gcc/arm-none-eabi/9.2.1/../../../../arm-none-eabi/lib/thumb/v7e-m/nofp\libg_nano.a(lib_a-lseekr.o)
                0x08002518                _lseek_r
 .text.__swhatbuf_r
                0x0800253c       0x48 c:/dev/arm-ea~1/92019-~1/bin/../lib/gcc/arm-none-eabi/9.2.1/../../../../arm-none-eabi/lib/thumb/v7e-m/nofp\libg_nano.a(lib_a-makebuf.o)
                0x0800253c                __swhatbuf_r
 .text.__smakebuf_r
                0x08002584       0x80 c:/dev/arm-ea~1/92019-~1/bin/../lib/gcc/arm-none-eabi/9.2.1/../../../../arm-none-eabi/lib/thumb/v7e-m/nofp\libg_nano.a(lib_a-makebuf.o)
                0x08002584                __smakebuf_r
 .text.malloc   0x08002604       0x10 c:/dev/arm-ea~1/92019-~1/bin/../lib/gcc/arm-none-eabi/9.2.1/../../../../arm-none-eabi/lib/thumb/v7e-m/nofp\libg_nano.a(lib_a-malloc.o)
                0x08002604                malloc
 .text.__malloc_lock
                0x08002614        0xc c:/dev/arm-ea~1/92019-~1/bin/../lib/gcc/arm-none-eabi/9.2.1/../../../../arm-none-eabi/lib/thumb/v7e-m/nofp\libg_nano.a(lib_a-mlock.o)
                0x08002614                __malloc_lock
 .text.__malloc_unlock
                0x08002620        0xc c:/dev/arm-ea~1/92019-~1/bin/../lib/gcc/arm-none-eabi/9.2.1/../../../../arm-none-eabi/lib/thumb/v7e-m/nofp\libg_nano.a(lib_a-mlock.o)
                0x08002620                __malloc_unlock
 .text.__sfputc_r
                0x0800262c       0x2a c:/dev/arm-ea~1/92019-~1/bin/../lib/gcc/arm-none-eabi/9.2.1/../../../../arm-none-eabi/lib/thumb/v7e-m/nofp\libg_nano.a(lib_a-nano-vfprintf.o)
 .text.__sfputs_r
                0x08002656       0x24 c:/dev/arm-ea~1/92019-~1/bin/../lib/gcc/arm-none-eabi/9.2.1/../../../../arm-none-eabi/lib/thumb/v7e-m/nofp\libg_nano.a(lib_a-nano-vfprintf.o)
                0x08002656                __sfputs_r
 *fill*         0x0800267a        0x2 
 .text._vfprintf_r
                0x0800267c      0x260 c:/dev/arm-ea~1/92019-~1/bin/../lib/gcc/arm-none-eabi/9.2.1/../../../../arm-none-eabi/lib/thumb/v7e-m/nofp\libg_nano.a(lib_a-nano-vfprintf.o)
                0x0800267c                _vfprintf_r
                0x0800267c                _vfiprintf_r
 .text._printf_common
                0x080028dc       0xda c:/dev/arm-ea~1/92019-~1/bin/../lib/gcc/arm-none-eabi/9.2.1/../../../../arm-none-eabi/lib/thumb/v7e-m/nofp\libg_nano.a(lib_a-nano-vfprintf_i.o)
                0x080028dc                _printf_common
 *fill*         0x080029b6        0x2 
 .text._printf_i
                0x080029b8      0x24c c:/dev/arm-ea~1/92019-~1/bin/../lib/gcc/arm-none-eabi/9.2.1/../../../../arm-none-eabi/lib/thumb/v7e-m/nofp\libg_nano.a(lib_a-nano-vfprintf_i.o)
                0x080029b8                _printf_i
 .text._putc_r  0x08002c04       0x90 c:/dev/arm-ea~1/92019-~1/bin/../lib/gcc/arm-none-eabi/9.2.1/../../../../arm-none-eabi/lib/thumb/v7e-m/nofp\libg_nano.a(lib_a-putc.o)
                0x08002c04                _putc_r
 .text._read_r  0x08002c94       0x24 c:/dev/arm-ea~1/92019-~1/bin/../lib/gcc/arm-none-eabi/9.2.1/../../../../arm-none-eabi/lib/thumb/v7e-m/nofp\libg_nano.a(lib_a-readr.o)
                0x08002c94                _read_r
 .text._fstat_r
                0x08002cb8       0x24 c:/dev/arm-ea~1/92019-~1/bin/../lib/gcc/arm-none-eabi/9.2.1/../../../../arm-none-eabi/lib/thumb/v7e-m/nofp\libg_nano.a(lib_a-fstatr.o)
                0x08002cb8                _fstat_r
 .text._isatty_r
                0x08002cdc       0x20 c:/dev/arm-ea~1/92019-~1/bin/../lib/gcc/arm-none-eabi/9.2.1/../../../../arm-none-eabi/lib/thumb/v7e-m/nofp\libg_nano.a(lib_a-isattyr.o)
                0x08002cdc                _isatty_r
 *(.glue_7)
 .glue_7        0x08002cfc        0x0 linker stubs
 *(.glue_7t)
 .glue_7t       0x08002cfc        0x0 linker stubs
 *(.eh_frame)
 .eh_frame      0x08002cfc        0x0 c:/dev/arm-ea~1/92019-~1/bin/../lib/gcc/arm-none-eabi/9.2.1/thumb/v7e-m/nofp/crtbegin.o
 *(.init)
 .init          0x08002cfc        0x4 c:/dev/arm-ea~1/92019-~1/bin/../lib/gcc/arm-none-eabi/9.2.1/thumb/v7e-m/nofp/crti.o
                0x08002cfc                _init
 .init          0x08002d00        0x8 c:/dev/arm-ea~1/92019-~1/bin/../lib/gcc/arm-none-eabi/9.2.1/thumb/v7e-m/nofp/crtn.o
 *(.fini)
 .fini          0x08002d08        0x4 c:/dev/arm-ea~1/92019-~1/bin/../lib/gcc/arm-none-eabi/9.2.1/thumb/v7e-m/nofp/crti.o
                0x08002d08                _fini
 .fini          0x08002d0c        0x8 c:/dev/arm-ea~1/92019-~1/bin/../lib/gcc/arm-none-eabi/9.2.1/thumb/v7e-m/nofp/crtn.o
                0x08002d14                . = ALIGN (0x4)
                0x08002d14                _etext = .

.vfp11_veneer   0x08002d14        0x0
 .vfp11_veneer  0x08002d14        0x0 linker stubs

.v4_bx          0x08002d14        0x0
 .v4_bx         0x08002d14        0x0 linker stubs

.iplt           0x08002d14        0x0
 .iplt          0x08002d14        0x0 c:/dev/arm-ea~1/92019-~1/bin/../lib/gcc/arm-none-eabi/9.2.1/thumb/v7e-m/nofp/crtbegin.o

.rodata         0x08002d14      0x524
                0x08002d14                . = ALIGN (0x4)
 *(.rodata)
 .rodata        0x08002d14      0x2e3 CMakeFiles/ce2812_wk07_lab.elf.dir/Src/main.c.obj
 *fill*         0x08002ff7        0x1 
 .rodata        0x08002ff8       0xa5 CMakeFiles/ce2812_wk07_lab.elf.dir/Src/mem.c.obj
 *(.rodata*)
 .rodata._ctype_
                0x0800309d      0x101 c:/dev/arm-ea~1/92019-~1/bin/../lib/gcc/arm-none-eabi/9.2.1/../../../../arm-none-eabi/lib/thumb/v7e-m/nofp\libg_nano.a(lib_a-ctype_.o)
                0x0800309d                _ctype_
 *fill*         0x0800319e        0x2 
 .rodata.__sf_fake_stderr
                0x080031a0       0x20 c:/dev/arm-ea~1/92019-~1/bin/../lib/gcc/arm-none-eabi/9.2.1/../../../../arm-none-eabi/lib/thumb/v7e-m/nofp\libg_nano.a(lib_a-findfp.o)
                0x080031a0                __sf_fake_stderr
 .rodata.__sf_fake_stdin
                0x080031c0       0x20 c:/dev/arm-ea~1/92019-~1/bin/../lib/gcc/arm-none-eabi/9.2.1/../../../../arm-none-eabi/lib/thumb/v7e-m/nofp\libg_nano.a(lib_a-findfp.o)
                0x080031c0                __sf_fake_stdin
 .rodata.__sf_fake_stdout
                0x080031e0       0x20 c:/dev/arm-ea~1/92019-~1/bin/../lib/gcc/arm-none-eabi/9.2.1/../../../../arm-none-eabi/lib/thumb/v7e-m/nofp\libg_nano.a(lib_a-findfp.o)
                0x080031e0                __sf_fake_stdout
 .rodata._global_impure_ptr
                0x08003200        0x4 c:/dev/arm-ea~1/92019-~1/bin/../lib/gcc/arm-none-eabi/9.2.1/../../../../arm-none-eabi/lib/thumb/v7e-m/nofp\libg_nano.a(lib_a-impure.o)
                0x08003200                _global_impure_ptr
 .rodata._vfprintf_r.str1.1
                0x08003204       0x11 c:/dev/arm-ea~1/92019-~1/bin/../lib/gcc/arm-none-eabi/9.2.1/../../../../arm-none-eabi/lib/thumb/v7e-m/nofp\libg_nano.a(lib_a-nano-vfprintf.o)
 .rodata._printf_i.str1.1
                0x08003215       0x22 c:/dev/arm-ea~1/92019-~1/bin/../lib/gcc/arm-none-eabi/9.2.1/../../../../arm-none-eabi/lib/thumb/v7e-m/nofp\libg_nano.a(lib_a-nano-vfprintf_i.o)
                0x08003238                . = ALIGN (0x4)
 *fill*         0x08003237        0x1 

.ARM.extab
 *(.ARM.extab* .gnu.linkonce.armextab.*)

.ARM            0x08003238        0x8
                0x08003238                __exidx_start = .
 *(.ARM.exidx*)
 .ARM.exidx     0x08003238        0x8 c:/dev/arm-ea~1/92019-~1/bin/../lib/gcc/arm-none-eabi/9.2.1/thumb/v7e-m/nofp\libgcc.a(_udivmoddi4.o)
                0x08003240                __exidx_end = .

.rel.dyn        0x08003240        0x0
 .rel.iplt      0x08003240        0x0 c:/dev/arm-ea~1/92019-~1/bin/../lib/gcc/arm-none-eabi/9.2.1/thumb/v7e-m/nofp/crtbegin.o

.preinit_array  0x08003240        0x0
                0x08003240                PROVIDE (__preinit_array_start = .)
 *(.preinit_array*)
                0x08003240                PROVIDE (__preinit_array_end = .)

.init_array     0x08003240        0x4
                0x08003240                PROVIDE (__init_array_start = .)
 *(SORT_BY_NAME(.init_array.*))
 *(.init_array*)
 .init_array    0x08003240        0x4 c:/dev/arm-ea~1/92019-~1/bin/../lib/gcc/arm-none-eabi/9.2.1/thumb/v7e-m/nofp/crtbegin.o
                0x08003244                PROVIDE (__init_array_end = .)

.fini_array     0x08003244        0x4
                [!provide]                PROVIDE (__fini_array_start = .)
 *(SORT_BY_NAME(.fini_array.*))
 *(.fini_array*)
 .fini_array    0x08003244        0x4 c:/dev/arm-ea~1/92019-~1/bin/../lib/gcc/arm-none-eabi/9.2.1/thumb/v7e-m/nofp/crtbegin.o
                [!provide]                PROVIDE (__fini_array_end = .)
                0x08003248                _sidata = LOADADDR (.data)

.data           0x20000000       0x68 load address 0x08003248
                0x20000000                . = ALIGN (0x4)
                0x20000000                _sdata = .
 *(.data)
 *(.data*)
 .data.uwTickFreq
                0x20000000        0x1 CMakeFiles/ce2812_wk07_lab.elf.dir/Drivers/STM32F4xx_HAL_Driver/Src/stm32f4xx_hal.c.obj
                0x20000000                uwTickFreq
 *fill*         0x20000001        0x3 
 .data._impure_ptr
                0x20000004        0x4 c:/dev/arm-ea~1/92019-~1/bin/../lib/gcc/arm-none-eabi/9.2.1/../../../../arm-none-eabi/lib/thumb/v7e-m/nofp\libg_nano.a(lib_a-impure.o)
                0x20000004                _impure_ptr
 .data.impure_data
                0x20000008       0x60 c:/dev/arm-ea~1/92019-~1/bin/../lib/gcc/arm-none-eabi/9.2.1/../../../../arm-none-eabi/lib/thumb/v7e-m/nofp\libg_nano.a(lib_a-impure.o)
                0x20000068                . = ALIGN (0x4)
                0x20000068                _edata = .

.igot.plt       0x20000068        0x0 load address 0x080032b0
 .igot.plt      0x20000068        0x0 c:/dev/arm-ea~1/92019-~1/bin/../lib/gcc/arm-none-eabi/9.2.1/thumb/v7e-m/nofp/crtbegin.o
                0x20000068                . = ALIGN (0x4)

.bss            0x20000068     0x115c load address 0x080032b0
                0x20000068                _sbss = .
                0x20000068                __bss_start__ = _sbss
 *(.bss)
 .bss           0x20000068       0x1c c:/dev/arm-ea~1/92019-~1/bin/../lib/gcc/arm-none-eabi/9.2.1/thumb/v7e-m/nofp/crtbegin.o
 *(.bss*)
 .bss.input_buffer
                0x20000084      0x810 CMakeFiles/ce2812_wk07_lab.elf.dir/Drivers/CE_Dev_Board_Drivers/Src/uart_driver.c.obj
 .bss.output_buffer
                0x20000894      0x810 CMakeFiles/ce2812_wk07_lab.elf.dir/Drivers/CE_Dev_Board_Drivers/Src/uart_driver.c.obj
 .bss.uwTick    0x200010a4        0x4 CMakeFiles/ce2812_wk07_lab.elf.dir/Drivers/STM32F4xx_HAL_Driver/Src/stm32f4xx_hal.c.obj
                0x200010a4                uwTick
 .bss.input_buffer
                0x200010a8       0xfa CMakeFiles/ce2812_wk07_lab.elf.dir/Src/scanner.c.obj
 *fill*         0x200011a2        0x2 
 .bss.b_offset  0x200011a4        0x4 CMakeFiles/ce2812_wk07_lab.elf.dir/Src/scanner.c.obj
 .bss.heap_end.6018
                0x200011a8        0x4 CMakeFiles/ce2812_wk07_lab.elf.dir/Src/syscalls.c.obj
 .bss.__malloc_free_list
                0x200011ac        0x4 c:/dev/arm-ea~1/92019-~1/bin/../lib/gcc/arm-none-eabi/9.2.1/../../../../arm-none-eabi/lib/thumb/v7e-m/nofp\libg_nano.a(lib_a-nano-mallocr.o)
                0x200011ac                __malloc_free_list
 .bss.__malloc_sbrk_start
                0x200011b0        0x4 c:/dev/arm-ea~1/92019-~1/bin/../lib/gcc/arm-none-eabi/9.2.1/../../../../arm-none-eabi/lib/thumb/v7e-m/nofp\libg_nano.a(lib_a-nano-mallocr.o)
                0x200011b0                __malloc_sbrk_start
 *(COMMON)
 COMMON         0x200011b4        0x9 c:/dev/arm-ea~1/92019-~1/bin/../lib/gcc/arm-none-eabi/9.2.1/../../../../arm-none-eabi/lib/thumb/v7e-m/nofp\libg_nano.a(lib_a-lock.o)
                0x200011b4                __lock___atexit_recursive_mutex
                0x200011b5                __lock___arc4random_mutex
                0x200011b6                __lock___env_recursive_mutex
                0x200011b7                __lock___sinit_recursive_mutex
                0x200011b8                __lock___malloc_recursive_mutex
                0x200011b9                __lock___at_quick_exit_mutex
                0x200011ba                __lock___dd_hash_mutex
                0x200011bb                __lock___tz_mutex
                0x200011bc                __lock___sfp_recursive_mutex
 *fill*         0x200011bd        0x3 
 COMMON         0x200011c0        0x4 c:/dev/arm-ea~1/92019-~1/bin/../lib/gcc/arm-none-eabi/9.2.1/../../../../arm-none-eabi/lib/thumb/v7e-m/nofp\libg_nano.a(lib_a-reent.o)
                0x200011c0                errno
                0x200011c4                . = ALIGN (0x4)
                0x200011c4                _ebss = .
                0x200011c4                __bss_end__ = _ebss

._user_heap_stack
                0x200011c4      0x604 load address 0x080032b0
                0x200011c8                . = ALIGN (0x8)
 *fill*         0x200011c4        0x4 
                0x200011c8                PROVIDE (end = .)
                [!provide]                PROVIDE (_end = .)
                0x200013c8                . = (. + _Min_Heap_Size)
 *fill*         0x200011c8      0x200 
                0x200017c8                . = (. + _Min_Stack_Size)
 *fill*         0x200013c8      0x400 
                0x200017c8                . = ALIGN (0x8)

/DISCARD/
 libc.a(*)
 libm.a(*)
 libgcc.a(*)

.ARM.attributes
                0x00000000       0x2a
 *(.ARM.attributes)
 .ARM.attributes
                0x00000000       0x1e c:/dev/arm-ea~1/92019-~1/bin/../lib/gcc/arm-none-eabi/9.2.1/thumb/v7e-m/nofp/crti.o
 .ARM.attributes
                0x0000001e       0x2e c:/dev/arm-ea~1/92019-~1/bin/../lib/gcc/arm-none-eabi/9.2.1/thumb/v7e-m/nofp/crtbegin.o
 .ARM.attributes
                0x0000004c       0x2e CMakeFiles/ce2812_wk07_lab.elf.dir/Drivers/CE_Dev_Board_Drivers/Src/uart_driver.c.obj
 .ARM.attributes
                0x0000007a       0x2e CMakeFiles/ce2812_wk07_lab.elf.dir/Drivers/STM32F4xx_HAL_Driver/Src/stm32f4xx_hal.c.obj
 .ARM.attributes
                0x000000a8       0x2e CMakeFiles/ce2812_wk07_lab.elf.dir/Src/circular_queue.c.obj
 .ARM.attributes
                0x000000d6       0x2e CMakeFiles/ce2812_wk07_lab.elf.dir/Src/main.c.obj
 .ARM.attributes
                0x00000104       0x2e CMakeFiles/ce2812_wk07_lab.elf.dir/Src/mem.c.obj
 .ARM.attributes
                0x00000132       0x2e CMakeFiles/ce2812_wk07_lab.elf.dir/Src/scanner.c.obj
 .ARM.attributes
                0x00000160       0x2e CMakeFiles/ce2812_wk07_lab.elf.dir/Src/stm32f4xx_it.c.obj
 .ARM.attributes
                0x0000018e       0x2e CMakeFiles/ce2812_wk07_lab.elf.dir/Src/syscalls.c.obj
 .ARM.attributes
                0x000001bc       0x2e CMakeFiles/ce2812_wk07_lab.elf.dir/Src/system_stm32f4xx.c.obj
 .ARM.attributes
                0x000001ea       0x21 CMakeFiles/ce2812_wk07_lab.elf.dir/startup/startup_stm32f446xx.s.obj
 .ARM.attributes
                0x0000020b       0x1e c:/dev/arm-ea~1/92019-~1/bin/../lib/gcc/arm-none-eabi/9.2.1/thumb/v7e-m/nofp\libgcc.a(_aeabi_uldivmod.o)
 .ARM.attributes
                0x00000229       0x2e c:/dev/arm-ea~1/92019-~1/bin/../lib/gcc/arm-none-eabi/9.2.1/thumb/v7e-m/nofp\libgcc.a(_udivmoddi4.o)
 .ARM.attributes
                0x00000257       0x1e c:/dev/arm-ea~1/92019-~1/bin/../lib/gcc/arm-none-eabi/9.2.1/thumb/v7e-m/nofp\libgcc.a(_dvmd_tls.o)
 .ARM.attributes
                0x00000275       0x2e c:/dev/arm-ea~1/92019-~1/bin/../lib/gcc/arm-none-eabi/9.2.1/../../../../arm-none-eabi/lib/thumb/v7e-m/nofp\libg_nano.a(lib_a-ctype_.o)
 .ARM.attributes
                0x000002a3       0x2e c:/dev/arm-ea~1/92019-~1/bin/../lib/gcc/arm-none-eabi/9.2.1/../../../../arm-none-eabi/lib/thumb/v7e-m/nofp\libg_nano.a(lib_a-errno.o)
 .ARM.attributes
                0x000002d1       0x2e c:/dev/arm-ea~1/92019-~1/bin/../lib/gcc/arm-none-eabi/9.2.1/../../../../arm-none-eabi/lib/thumb/v7e-m/nofp\libg_nano.a(lib_a-fflush.o)
 .ARM.attributes
                0x000002ff       0x2e c:/dev/arm-ea~1/92019-~1/bin/../lib/gcc/arm-none-eabi/9.2.1/../../../../arm-none-eabi/lib/thumb/v7e-m/nofp\libg_nano.a(lib_a-fgets.o)
 .ARM.attributes
                0x0000032d       0x2e c:/dev/arm-ea~1/92019-~1/bin/../lib/gcc/arm-none-eabi/9.2.1/../../../../arm-none-eabi/lib/thumb/v7e-m/nofp\libg_nano.a(lib_a-findfp.o)
 .ARM.attributes
                0x0000035b       0x2e c:/dev/arm-ea~1/92019-~1/bin/../lib/gcc/arm-none-eabi/9.2.1/../../../../arm-none-eabi/lib/thumb/v7e-m/nofp\libg_nano.a(lib_a-fwalk.o)
 .ARM.attributes
                0x00000389       0x2e c:/dev/arm-ea~1/92019-~1/bin/../lib/gcc/arm-none-eabi/9.2.1/../../../../arm-none-eabi/lib/thumb/v7e-m/nofp\libg_nano.a(lib_a-impure.o)
 .ARM.attributes
                0x000003b7       0x2e c:/dev/arm-ea~1/92019-~1/bin/../lib/gcc/arm-none-eabi/9.2.1/../../../../arm-none-eabi/lib/thumb/v7e-m/nofp\libg_nano.a(lib_a-init.o)
 .ARM.attributes
                0x000003e5       0x2e c:/dev/arm-ea~1/92019-~1/bin/../lib/gcc/arm-none-eabi/9.2.1/../../../../arm-none-eabi/lib/thumb/v7e-m/nofp\libg_nano.a(lib_a-lock.o)
 .ARM.attributes
                0x00000413       0x1c c:/dev/arm-ea~1/92019-~1/bin/../lib/gcc/arm-none-eabi/9.2.1/../../../../arm-none-eabi/lib/thumb/v7e-m/nofp\libg_nano.a(lib_a-memchr.o)
 .ARM.attributes
                0x0000042f       0x2e c:/dev/arm-ea~1/92019-~1/bin/../lib/gcc/arm-none-eabi/9.2.1/../../../../arm-none-eabi/lib/thumb/v7e-m/nofp\libg_nano.a(lib_a-memcpy-stub.o)
 .ARM.attributes
                0x0000045d       0x2e c:/dev/arm-ea~1/92019-~1/bin/../lib/gcc/arm-none-eabi/9.2.1/../../../../arm-none-eabi/lib/thumb/v7e-m/nofp\libg_nano.a(lib_a-memset.o)
 .ARM.attributes
                0x0000048b       0x2e c:/dev/arm-ea~1/92019-~1/bin/../lib/gcc/arm-none-eabi/9.2.1/../../../../arm-none-eabi/lib/thumb/v7e-m/nofp\libg_nano.a(lib_a-nano-freer.o)
 .ARM.attributes
                0x000004b9       0x2e c:/dev/arm-ea~1/92019-~1/bin/../lib/gcc/arm-none-eabi/9.2.1/../../../../arm-none-eabi/lib/thumb/v7e-m/nofp\libg_nano.a(lib_a-nano-mallocr.o)
 .ARM.attributes
                0x000004e7       0x2e c:/dev/arm-ea~1/92019-~1/bin/../lib/gcc/arm-none-eabi/9.2.1/../../../../arm-none-eabi/lib/thumb/v7e-m/nofp\libg_nano.a(lib_a-printf.o)
 .ARM.attributes
                0x00000515       0x2e c:/dev/arm-ea~1/92019-~1/bin/../lib/gcc/arm-none-eabi/9.2.1/../../../../arm-none-eabi/lib/thumb/v7e-m/nofp\libg_nano.a(lib_a-putchar.o)
 .ARM.attributes
                0x00000543       0x2e c:/dev/arm-ea~1/92019-~1/bin/../lib/gcc/arm-none-eabi/9.2.1/../../../../arm-none-eabi/lib/thumb/v7e-m/nofp\libg_nano.a(lib_a-puts.o)
 .ARM.attributes
                0x00000571       0x2e c:/dev/arm-ea~1/92019-~1/bin/../lib/gcc/arm-none-eabi/9.2.1/../../../../arm-none-eabi/lib/thumb/v7e-m/nofp\libg_nano.a(lib_a-refill.o)
 .ARM.attributes
                0x0000059f       0x2e c:/dev/arm-ea~1/92019-~1/bin/../lib/gcc/arm-none-eabi/9.2.1/../../../../arm-none-eabi/lib/thumb/v7e-m/nofp\libg_nano.a(lib_a-sbrkr.o)
 .ARM.attributes
                0x000005cd       0x2e c:/dev/arm-ea~1/92019-~1/bin/../lib/gcc/arm-none-eabi/9.2.1/../../../../arm-none-eabi/lib/thumb/v7e-m/nofp\libg_nano.a(lib_a-setvbuf.o)
 .ARM.attributes
                0x000005fb       0x2e c:/dev/arm-ea~1/92019-~1/bin/../lib/gcc/arm-none-eabi/9.2.1/../../../../arm-none-eabi/lib/thumb/v7e-m/nofp\libg_nano.a(lib_a-stdio.o)
 .ARM.attributes
                0x00000629       0x1c c:/dev/arm-ea~1/92019-~1/bin/../lib/gcc/arm-none-eabi/9.2.1/../../../../arm-none-eabi/lib/thumb/v7e-m/nofp\libg_nano.a(lib_a-strcmp.o)
 .ARM.attributes
                0x00000645       0x2e c:/dev/arm-ea~1/92019-~1/bin/../lib/gcc/arm-none-eabi/9.2.1/../../../../arm-none-eabi/lib/thumb/v7e-m/nofp\libg_nano.a(lib_a-strtoll.o)
 .ARM.attributes
                0x00000673       0x2e c:/dev/arm-ea~1/92019-~1/bin/../lib/gcc/arm-none-eabi/9.2.1/../../../../arm-none-eabi/lib/thumb/v7e-m/nofp\libg_nano.a(lib_a-strtoull.o)
 .ARM.attributes
                0x000006a1       0x2e c:/dev/arm-ea~1/92019-~1/bin/../lib/gcc/arm-none-eabi/9.2.1/../../../../arm-none-eabi/lib/thumb/v7e-m/nofp\libg_nano.a(lib_a-wbuf.o)
 .ARM.attributes
                0x000006cf       0x2e c:/dev/arm-ea~1/92019-~1/bin/../lib/gcc/arm-none-eabi/9.2.1/../../../../arm-none-eabi/lib/thumb/v7e-m/nofp\libg_nano.a(lib_a-writer.o)
 .ARM.attributes
                0x000006fd       0x2e c:/dev/arm-ea~1/92019-~1/bin/../lib/gcc/arm-none-eabi/9.2.1/../../../../arm-none-eabi/lib/thumb/v7e-m/nofp\libg_nano.a(lib_a-wsetup.o)
 .ARM.attributes
                0x0000072b       0x2e c:/dev/arm-ea~1/92019-~1/bin/../lib/gcc/arm-none-eabi/9.2.1/../../../../arm-none-eabi/lib/thumb/v7e-m/nofp\libg_nano.a(lib_a-closer.o)
 .ARM.attributes
                0x00000759       0x2e c:/dev/arm-ea~1/92019-~1/bin/../lib/gcc/arm-none-eabi/9.2.1/../../../../arm-none-eabi/lib/thumb/v7e-m/nofp\libg_nano.a(lib_a-lseekr.o)
 .ARM.attributes
                0x00000787       0x2e c:/dev/arm-ea~1/92019-~1/bin/../lib/gcc/arm-none-eabi/9.2.1/../../../../arm-none-eabi/lib/thumb/v7e-m/nofp\libg_nano.a(lib_a-makebuf.o)
 .ARM.attributes
                0x000007b5       0x2e c:/dev/arm-ea~1/92019-~1/bin/../lib/gcc/arm-none-eabi/9.2.1/../../../../arm-none-eabi/lib/thumb/v7e-m/nofp\libg_nano.a(lib_a-malloc.o)
 .ARM.attributes
                0x000007e3       0x2e c:/dev/arm-ea~1/92019-~1/bin/../lib/gcc/arm-none-eabi/9.2.1/../../../../arm-none-eabi/lib/thumb/v7e-m/nofp\libg_nano.a(lib_a-mlock.o)
 .ARM.attributes
                0x00000811       0x2e c:/dev/arm-ea~1/92019-~1/bin/../lib/gcc/arm-none-eabi/9.2.1/../../../../arm-none-eabi/lib/thumb/v7e-m/nofp\libg_nano.a(lib_a-nano-vfprintf.o)
 .ARM.attributes
                0x0000083f       0x2e c:/dev/arm-ea~1/92019-~1/bin/../lib/gcc/arm-none-eabi/9.2.1/../../../../arm-none-eabi/lib/thumb/v7e-m/nofp\libg_nano.a(lib_a-nano-vfprintf_i.o)
 .ARM.attributes
                0x0000086d       0x2e c:/dev/arm-ea~1/92019-~1/bin/../lib/gcc/arm-none-eabi/9.2.1/../../../../arm-none-eabi/lib/thumb/v7e-m/nofp\libg_nano.a(lib_a-putc.o)
 .ARM.attributes
                0x0000089b       0x2e c:/dev/arm-ea~1/92019-~1/bin/../lib/gcc/arm-none-eabi/9.2.1/../../../../arm-none-eabi/lib/thumb/v7e-m/nofp\libg_nano.a(lib_a-readr.o)
 .ARM.attributes
                0x000008c9       0x2e c:/dev/arm-ea~1/92019-~1/bin/../lib/gcc/arm-none-eabi/9.2.1/../../../../arm-none-eabi/lib/thumb/v7e-m/nofp\libg_nano.a(lib_a-reent.o)
 .ARM.attributes
                0x000008f7       0x2e c:/dev/arm-ea~1/92019-~1/bin/../lib/gcc/arm-none-eabi/9.2.1/../../../../arm-none-eabi/lib/thumb/v7e-m/nofp\libg_nano.a(lib_a-fstatr.o)
 .ARM.attributes
                0x00000925       0x2e c:/dev/arm-ea~1/92019-~1/bin/../lib/gcc/arm-none-eabi/9.2.1/../../../../arm-none-eabi/lib/thumb/v7e-m/nofp\libg_nano.a(lib_a-isattyr.o)
 .ARM.attributes
                0x00000953       0x1e c:/dev/arm-ea~1/92019-~1/bin/../lib/gcc/arm-none-eabi/9.2.1/thumb/v7e-m/nofp/crtn.o
OUTPUT(ce2812_wk07_lab.elf elf32-littlearm)

.debug_info     0x00000000     0x546b
 .debug_info    0x00000000      0xfb7 CMakeFiles/ce2812_wk07_lab.elf.dir/Drivers/CE_Dev_Board_Drivers/Src/uart_driver.c.obj
 .debug_info    0x00000fb7      0x9fd CMakeFiles/ce2812_wk07_lab.elf.dir/Drivers/STM32F4xx_HAL_Driver/Src/stm32f4xx_hal.c.obj
 .debug_info    0x000019b4      0x1af CMakeFiles/ce2812_wk07_lab.elf.dir/Src/circular_queue.c.obj
 .debug_info    0x00001b63      0xa33 CMakeFiles/ce2812_wk07_lab.elf.dir/Src/main.c.obj
 .debug_info    0x00002596      0x9f1 CMakeFiles/ce2812_wk07_lab.elf.dir/Src/mem.c.obj
 .debug_info    0x00002f87      0xccb CMakeFiles/ce2812_wk07_lab.elf.dir/Src/scanner.c.obj
 .debug_info    0x00003c52      0x217 CMakeFiles/ce2812_wk07_lab.elf.dir/Src/stm32f4xx_it.c.obj
 .debug_info    0x00003e69     0x100f CMakeFiles/ce2812_wk07_lab.elf.dir/Src/syscalls.c.obj
 .debug_info    0x00004e78      0x5d1 CMakeFiles/ce2812_wk07_lab.elf.dir/Src/system_stm32f4xx.c.obj
 .debug_info    0x00005449       0x22 CMakeFiles/ce2812_wk07_lab.elf.dir/startup/startup_stm32f446xx.s.obj

.debug_abbrev   0x00000000     0x1057
 .debug_abbrev  0x00000000      0x277 CMakeFiles/ce2812_wk07_lab.elf.dir/Drivers/CE_Dev_Board_Drivers/Src/uart_driver.c.obj
 .debug_abbrev  0x00000277      0x1ea CMakeFiles/ce2812_wk07_lab.elf.dir/Drivers/STM32F4xx_HAL_Driver/Src/stm32f4xx_hal.c.obj
 .debug_abbrev  0x00000461       0xec CMakeFiles/ce2812_wk07_lab.elf.dir/Src/circular_queue.c.obj
 .debug_abbrev  0x0000054d      0x1ec CMakeFiles/ce2812_wk07_lab.elf.dir/Src/main.c.obj
 .debug_abbrev  0x00000739      0x1bc CMakeFiles/ce2812_wk07_lab.elf.dir/Src/mem.c.obj
 .debug_abbrev  0x000008f5      0x296 CMakeFiles/ce2812_wk07_lab.elf.dir/Src/scanner.c.obj
 .debug_abbrev  0x00000b8b       0xcf CMakeFiles/ce2812_wk07_lab.elf.dir/Src/stm32f4xx_it.c.obj
 .debug_abbrev  0x00000c5a      0x2a9 CMakeFiles/ce2812_wk07_lab.elf.dir/Src/syscalls.c.obj
 .debug_abbrev  0x00000f03      0x142 CMakeFiles/ce2812_wk07_lab.elf.dir/Src/system_stm32f4xx.c.obj
 .debug_abbrev  0x00001045       0x12 CMakeFiles/ce2812_wk07_lab.elf.dir/startup/startup_stm32f446xx.s.obj

.debug_aranges  0x00000000      0x398
 .debug_aranges
                0x00000000       0x38 CMakeFiles/ce2812_wk07_lab.elf.dir/Drivers/CE_Dev_Board_Drivers/Src/uart_driver.c.obj
 .debug_aranges
                0x00000038       0xf0 CMakeFiles/ce2812_wk07_lab.elf.dir/Drivers/STM32F4xx_HAL_Driver/Src/stm32f4xx_hal.c.obj
 .debug_aranges
                0x00000128       0x48 CMakeFiles/ce2812_wk07_lab.elf.dir/Src/circular_queue.c.obj
 .debug_aranges
                0x00000170       0x28 CMakeFiles/ce2812_wk07_lab.elf.dir/Src/main.c.obj
 .debug_aranges
                0x00000198       0x30 CMakeFiles/ce2812_wk07_lab.elf.dir/Src/mem.c.obj
 .debug_aranges
                0x000001c8       0x70 CMakeFiles/ce2812_wk07_lab.elf.dir/Src/scanner.c.obj
 .debug_aranges
                0x00000238       0x60 CMakeFiles/ce2812_wk07_lab.elf.dir/Src/stm32f4xx_it.c.obj
 .debug_aranges
                0x00000298       0xb0 CMakeFiles/ce2812_wk07_lab.elf.dir/Src/syscalls.c.obj
 .debug_aranges
                0x00000348       0x28 CMakeFiles/ce2812_wk07_lab.elf.dir/Src/system_stm32f4xx.c.obj
 .debug_aranges
                0x00000370       0x28 CMakeFiles/ce2812_wk07_lab.elf.dir/startup/startup_stm32f446xx.s.obj

.debug_ranges   0x00000000      0x300
 .debug_ranges  0x00000000       0x28 CMakeFiles/ce2812_wk07_lab.elf.dir/Drivers/CE_Dev_Board_Drivers/Src/uart_driver.c.obj
 .debug_ranges  0x00000028       0xe0 CMakeFiles/ce2812_wk07_lab.elf.dir/Drivers/STM32F4xx_HAL_Driver/Src/stm32f4xx_hal.c.obj
 .debug_ranges  0x00000108       0x38 CMakeFiles/ce2812_wk07_lab.elf.dir/Src/circular_queue.c.obj
 .debug_ranges  0x00000140       0x18 CMakeFiles/ce2812_wk07_lab.elf.dir/Src/main.c.obj
 .debug_ranges  0x00000158       0x20 CMakeFiles/ce2812_wk07_lab.elf.dir/Src/mem.c.obj
 .debug_ranges  0x00000178       0x60 CMakeFiles/ce2812_wk07_lab.elf.dir/Src/scanner.c.obj
 .debug_ranges  0x000001d8       0x50 CMakeFiles/ce2812_wk07_lab.elf.dir/Src/stm32f4xx_it.c.obj
 .debug_ranges  0x00000228       0xa0 CMakeFiles/ce2812_wk07_lab.elf.dir/Src/syscalls.c.obj
 .debug_ranges  0x000002c8       0x18 CMakeFiles/ce2812_wk07_lab.elf.dir/Src/system_stm32f4xx.c.obj
 .debug_ranges  0x000002e0       0x20 CMakeFiles/ce2812_wk07_lab.elf.dir/startup/startup_stm32f446xx.s.obj

.debug_line     0x00000000     0x23ef
 .debug_line    0x00000000      0x46f CMakeFiles/ce2812_wk07_lab.elf.dir/Drivers/CE_Dev_Board_Drivers/Src/uart_driver.c.obj
 .debug_line    0x0000046f      0x611 CMakeFiles/ce2812_wk07_lab.elf.dir/Drivers/STM32F4xx_HAL_Driver/Src/stm32f4xx_hal.c.obj
 .debug_line    0x00000a80      0x1dd CMakeFiles/ce2812_wk07_lab.elf.dir/Src/circular_queue.c.obj
 .debug_line    0x00000c5d      0x29f CMakeFiles/ce2812_wk07_lab.elf.dir/Src/main.c.obj
 .debug_line    0x00000efc      0x227 CMakeFiles/ce2812_wk07_lab.elf.dir/Src/mem.c.obj
 .debug_line    0x00001123      0x68e CMakeFiles/ce2812_wk07_lab.elf.dir/Src/scanner.c.obj
 .debug_line    0x000017b1      0x38e CMakeFiles/ce2812_wk07_lab.elf.dir/Src/stm32f4xx_it.c.obj
 .debug_line    0x00001b3f      0x455 CMakeFiles/ce2812_wk07_lab.elf.dir/Src/syscalls.c.obj
 .debug_line    0x00001f94      0x383 CMakeFiles/ce2812_wk07_lab.elf.dir/Src/system_stm32f4xx.c.obj
 .debug_line    0x00002317       0xd8 CMakeFiles/ce2812_wk07_lab.elf.dir/startup/startup_stm32f446xx.s.obj

.debug_str      0x00000000     0x190e
 .debug_str     0x00000000      0x831 CMakeFiles/ce2812_wk07_lab.elf.dir/Drivers/CE_Dev_Board_Drivers/Src/uart_driver.c.obj
                                0x90c (size before relaxing)
 .debug_str     0x00000831      0x8e8 CMakeFiles/ce2812_wk07_lab.elf.dir/Drivers/STM32F4xx_HAL_Driver/Src/stm32f4xx_hal.c.obj
                                0xc7e (size before relaxing)
 .debug_str     0x00001119       0xa7 CMakeFiles/ce2812_wk07_lab.elf.dir/Src/circular_queue.c.obj
                                0x23d (size before relaxing)
 .debug_str     0x000011c0       0x8f CMakeFiles/ce2812_wk07_lab.elf.dir/Src/main.c.obj
                                0x6ad (size before relaxing)
 .debug_str     0x0000124f       0x82 CMakeFiles/ce2812_wk07_lab.elf.dir/Src/mem.c.obj
                                0x6a5 (size before relaxing)
 .debug_str     0x000012d1      0x120 CMakeFiles/ce2812_wk07_lab.elf.dir/Src/scanner.c.obj
                                0x720 (size before relaxing)
 .debug_str     0x000013f1       0xff CMakeFiles/ce2812_wk07_lab.elf.dir/Src/stm32f4xx_it.c.obj
                                0x3c6 (size before relaxing)
 .debug_str     0x000014f0      0x293 CMakeFiles/ce2812_wk07_lab.elf.dir/Src/syscalls.c.obj
                                0x900 (size before relaxing)
 .debug_str     0x00001783      0x103 CMakeFiles/ce2812_wk07_lab.elf.dir/Src/system_stm32f4xx.c.obj
                                0x4eb (size before relaxing)
 .debug_str     0x00001886       0x88 CMakeFiles/ce2812_wk07_lab.elf.dir/startup/startup_stm32f446xx.s.obj
                                 0xf6 (size before relaxing)

.comment        0x00000000       0x79
 .comment       0x00000000       0x79 CMakeFiles/ce2812_wk07_lab.elf.dir/Drivers/CE_Dev_Board_Drivers/Src/uart_driver.c.obj
                                 0x7a (size before relaxing)
 .comment       0x00000079       0x7a CMakeFiles/ce2812_wk07_lab.elf.dir/Drivers/STM32F4xx_HAL_Driver/Src/stm32f4xx_hal.c.obj
 .comment       0x00000079       0x7a CMakeFiles/ce2812_wk07_lab.elf.dir/Src/circular_queue.c.obj
 .comment       0x00000079       0x7a CMakeFiles/ce2812_wk07_lab.elf.dir/Src/main.c.obj
 .comment       0x00000079       0x7a CMakeFiles/ce2812_wk07_lab.elf.dir/Src/mem.c.obj
 .comment       0x00000079       0x7a CMakeFiles/ce2812_wk07_lab.elf.dir/Src/scanner.c.obj
 .comment       0x00000079       0x7a CMakeFiles/ce2812_wk07_lab.elf.dir/Src/stm32f4xx_it.c.obj
 .comment       0x00000079       0x7a CMakeFiles/ce2812_wk07_lab.elf.dir/Src/syscalls.c.obj
 .comment       0x00000079       0x7a CMakeFiles/ce2812_wk07_lab.elf.dir/Src/system_stm32f4xx.c.obj

.debug_frame    0x00000000     0x1704
 .debug_frame   0x00000000       0xa4 CMakeFiles/ce2812_wk07_lab.elf.dir/Drivers/CE_Dev_Board_Drivers/Src/uart_driver.c.obj
 .debug_frame   0x000000a4      0x374 CMakeFiles/ce2812_wk07_lab.elf.dir/Drivers/STM32F4xx_HAL_Driver/Src/stm32f4xx_hal.c.obj
 .debug_frame   0x00000418       0xfc CMakeFiles/ce2812_wk07_lab.elf.dir/Src/circular_queue.c.obj
 .debug_frame   0x00000514       0x54 CMakeFiles/ce2812_wk07_lab.elf.dir/Src/main.c.obj
 .debug_frame   0x00000568       0x7c CMakeFiles/ce2812_wk07_lab.elf.dir/Src/mem.c.obj
 .debug_frame   0x000005e4      0x19c CMakeFiles/ce2812_wk07_lab.elf.dir/Src/scanner.c.obj
 .debug_frame   0x00000780      0x10c CMakeFiles/ce2812_wk07_lab.elf.dir/Src/stm32f4xx_it.c.obj
 .debug_frame   0x0000088c      0x2d0 CMakeFiles/ce2812_wk07_lab.elf.dir/Src/syscalls.c.obj
 .debug_frame   0x00000b5c       0x58 CMakeFiles/ce2812_wk07_lab.elf.dir/Src/system_stm32f4xx.c.obj
 .debug_frame   0x00000bb4       0x2c c:/dev/arm-ea~1/92019-~1/bin/../lib/gcc/arm-none-eabi/9.2.1/thumb/v7e-m/nofp\libgcc.a(_aeabi_uldivmod.o)
 .debug_frame   0x00000be0       0x34 c:/dev/arm-ea~1/92019-~1/bin/../lib/gcc/arm-none-eabi/9.2.1/thumb/v7e-m/nofp\libgcc.a(_udivmoddi4.o)
 .debug_frame   0x00000c14       0x20 c:/dev/arm-ea~1/92019-~1/bin/../lib/gcc/arm-none-eabi/9.2.1/../../../../arm-none-eabi/lib/thumb/v7e-m/nofp\libg_nano.a(lib_a-errno.o)
 .debug_frame   0x00000c34       0x5c c:/dev/arm-ea~1/92019-~1/bin/../lib/gcc/arm-none-eabi/9.2.1/../../../../arm-none-eabi/lib/thumb/v7e-m/nofp\libg_nano.a(lib_a-fflush.o)
 .debug_frame   0x00000c90       0x44 c:/dev/arm-ea~1/92019-~1/bin/../lib/gcc/arm-none-eabi/9.2.1/../../../../arm-none-eabi/lib/thumb/v7e-m/nofp\libg_nano.a(lib_a-fgets.o)
 .debug_frame   0x00000cd4      0x14c c:/dev/arm-ea~1/92019-~1/bin/../lib/gcc/arm-none-eabi/9.2.1/../../../../arm-none-eabi/lib/thumb/v7e-m/nofp\libg_nano.a(lib_a-findfp.o)
 .debug_frame   0x00000e20       0x54 c:/dev/arm-ea~1/92019-~1/bin/../lib/gcc/arm-none-eabi/9.2.1/../../../../arm-none-eabi/lib/thumb/v7e-m/nofp\libg_nano.a(lib_a-fwalk.o)
 .debug_frame   0x00000e74       0x2c c:/dev/arm-ea~1/92019-~1/bin/../lib/gcc/arm-none-eabi/9.2.1/../../../../arm-none-eabi/lib/thumb/v7e-m/nofp\libg_nano.a(lib_a-init.o)
 .debug_frame   0x00000ea0       0xb0 c:/dev/arm-ea~1/92019-~1/bin/../lib/gcc/arm-none-eabi/9.2.1/../../../../arm-none-eabi/lib/thumb/v7e-m/nofp\libg_nano.a(lib_a-lock.o)
 .debug_frame   0x00000f50       0x28 c:/dev/arm-ea~1/92019-~1/bin/../lib/gcc/arm-none-eabi/9.2.1/../../../../arm-none-eabi/lib/thumb/v7e-m/nofp\libg_nano.a(lib_a-memcpy-stub.o)
 .debug_frame   0x00000f78       0x20 c:/dev/arm-ea~1/92019-~1/bin/../lib/gcc/arm-none-eabi/9.2.1/../../../../arm-none-eabi/lib/thumb/v7e-m/nofp\libg_nano.a(lib_a-memset.o)
 .debug_frame   0x00000f98       0x38 c:/dev/arm-ea~1/92019-~1/bin/../lib/gcc/arm-none-eabi/9.2.1/../../../../arm-none-eabi/lib/thumb/v7e-m/nofp\libg_nano.a(lib_a-nano-freer.o)
 .debug_frame   0x00000fd0       0x30 c:/dev/arm-ea~1/92019-~1/bin/../lib/gcc/arm-none-eabi/9.2.1/../../../../arm-none-eabi/lib/thumb/v7e-m/nofp\libg_nano.a(lib_a-nano-mallocr.o)
 .debug_frame   0x00001000       0x74 c:/dev/arm-ea~1/92019-~1/bin/../lib/gcc/arm-none-eabi/9.2.1/../../../../arm-none-eabi/lib/thumb/v7e-m/nofp\libg_nano.a(lib_a-printf.o)
 .debug_frame   0x00001074       0x58 c:/dev/arm-ea~1/92019-~1/bin/../lib/gcc/arm-none-eabi/9.2.1/../../../../arm-none-eabi/lib/thumb/v7e-m/nofp\libg_nano.a(lib_a-putchar.o)
 .debug_frame   0x000010cc       0x3c c:/dev/arm-ea~1/92019-~1/bin/../lib/gcc/arm-none-eabi/9.2.1/../../../../arm-none-eabi/lib/thumb/v7e-m/nofp\libg_nano.a(lib_a-puts.o)
 .debug_frame   0x00001108       0x40 c:/dev/arm-ea~1/92019-~1/bin/../lib/gcc/arm-none-eabi/9.2.1/../../../../arm-none-eabi/lib/thumb/v7e-m/nofp\libg_nano.a(lib_a-refill.o)
 .debug_frame   0x00001148       0x2c c:/dev/arm-ea~1/92019-~1/bin/../lib/gcc/arm-none-eabi/9.2.1/../../../../arm-none-eabi/lib/thumb/v7e-m/nofp\libg_nano.a(lib_a-sbrkr.o)
 .debug_frame   0x00001174       0x38 c:/dev/arm-ea~1/92019-~1/bin/../lib/gcc/arm-none-eabi/9.2.1/../../../../arm-none-eabi/lib/thumb/v7e-m/nofp\libg_nano.a(lib_a-setvbuf.o)
 .debug_frame   0x000011ac       0x88 c:/dev/arm-ea~1/92019-~1/bin/../lib/gcc/arm-none-eabi/9.2.1/../../../../arm-none-eabi/lib/thumb/v7e-m/nofp\libg_nano.a(lib_a-stdio.o)
 .debug_frame   0x00001234       0x20 c:/dev/arm-ea~1/92019-~1/bin/../lib/gcc/arm-none-eabi/9.2.1/../../../../arm-none-eabi/lib/thumb/v7e-m/nofp\libg_nano.a(lib_a-strcmp.o)
 .debug_frame   0x00001254       0x70 c:/dev/arm-ea~1/92019-~1/bin/../lib/gcc/arm-none-eabi/9.2.1/../../../../arm-none-eabi/lib/thumb/v7e-m/nofp\libg_nano.a(lib_a-strtoll.o)
 .debug_frame   0x000012c4       0x70 c:/dev/arm-ea~1/92019-~1/bin/../lib/gcc/arm-none-eabi/9.2.1/../../../../arm-none-eabi/lib/thumb/v7e-m/nofp\libg_nano.a(lib_a-strtoull.o)
 .debug_frame   0x00001334       0x40 c:/dev/arm-ea~1/92019-~1/bin/../lib/gcc/arm-none-eabi/9.2.1/../../../../arm-none-eabi/lib/thumb/v7e-m/nofp\libg_nano.a(lib_a-wbuf.o)
 .debug_frame   0x00001374       0x2c c:/dev/arm-ea~1/92019-~1/bin/../lib/gcc/arm-none-eabi/9.2.1/../../../../arm-none-eabi/lib/thumb/v7e-m/nofp\libg_nano.a(lib_a-writer.o)
 .debug_frame   0x000013a0       0x2c c:/dev/arm-ea~1/92019-~1/bin/../lib/gcc/arm-none-eabi/9.2.1/../../../../arm-none-eabi/lib/thumb/v7e-m/nofp\libg_nano.a(lib_a-wsetup.o)
 .debug_frame   0x000013cc       0x2c c:/dev/arm-ea~1/92019-~1/bin/../lib/gcc/arm-none-eabi/9.2.1/../../../../arm-none-eabi/lib/thumb/v7e-m/nofp\libg_nano.a(lib_a-closer.o)
 .debug_frame   0x000013f8       0x2c c:/dev/arm-ea~1/92019-~1/bin/../lib/gcc/arm-none-eabi/9.2.1/../../../../arm-none-eabi/lib/thumb/v7e-m/nofp\libg_nano.a(lib_a-lseekr.o)
 .debug_frame   0x00001424       0x58 c:/dev/arm-ea~1/92019-~1/bin/../lib/gcc/arm-none-eabi/9.2.1/../../../../arm-none-eabi/lib/thumb/v7e-m/nofp\libg_nano.a(lib_a-makebuf.o)
 .debug_frame   0x0000147c       0x30 c:/dev/arm-ea~1/92019-~1/bin/../lib/gcc/arm-none-eabi/9.2.1/../../../../arm-none-eabi/lib/thumb/v7e-m/nofp\libg_nano.a(lib_a-malloc.o)
 .debug_frame   0x000014ac       0x30 c:/dev/arm-ea~1/92019-~1/bin/../lib/gcc/arm-none-eabi/9.2.1/../../../../arm-none-eabi/lib/thumb/v7e-m/nofp\libg_nano.a(lib_a-mlock.o)
 .debug_frame   0x000014dc       0xac c:/dev/arm-ea~1/92019-~1/bin/../lib/gcc/arm-none-eabi/9.2.1/../../../../arm-none-eabi/lib/thumb/v7e-m/nofp\libg_nano.a(lib_a-nano-vfprintf.o)
 .debug_frame   0x00001588       0x60 c:/dev/arm-ea~1/92019-~1/bin/../lib/gcc/arm-none-eabi/9.2.1/../../../../arm-none-eabi/lib/thumb/v7e-m/nofp\libg_nano.a(lib_a-nano-vfprintf_i.o)
 .debug_frame   0x000015e8       0x3c c:/dev/arm-ea~1/92019-~1/bin/../lib/gcc/arm-none-eabi/9.2.1/../../../../arm-none-eabi/lib/thumb/v7e-m/nofp\libg_nano.a(lib_a-putc.o)
 .debug_frame   0x00001624       0x2c c:/dev/arm-ea~1/92019-~1/bin/../lib/gcc/arm-none-eabi/9.2.1/../../../../arm-none-eabi/lib/thumb/v7e-m/nofp\libg_nano.a(lib_a-readr.o)
 .debug_frame   0x00001650       0x5c c:/dev/arm-ea~1/92019-~1/bin/../lib/gcc/arm-none-eabi/9.2.1/../../../../arm-none-eabi/lib/thumb/v7e-m/nofp\libg_nano.a(lib_a-reent.o)
 .debug_frame   0x000016ac       0x2c c:/dev/arm-ea~1/92019-~1/bin/../lib/gcc/arm-none-eabi/9.2.1/../../../../arm-none-eabi/lib/thumb/v7e-m/nofp\libg_nano.a(lib_a-fstatr.o)
 .debug_frame   0x000016d8       0x2c c:/dev/arm-ea~1/92019-~1/bin/../lib/gcc/arm-none-eabi/9.2.1/../../../../arm-none-eabi/lib/thumb/v7e-m/nofp\libg_nano.a(lib_a-isattyr.o)
